open! Ppx_effects_runtime.Import
let run_and_discard_effect f a =
  Ppx_effects_runtime.Deep.match_with f a
    {
      Ppx_effects_runtime.Deep.retc = (function | () -> ());
      exnc = Ppx_effects_runtime.raise;
      effc =
        (let effc (type continue_input) =
           (let open! Ppx_effects_runtime.Deep.Open_on_rhs in
              function | _ -> Some ((fun _ -> ())) : continue_input
                                                       Ppx_effects_runtime.t
                                                       ->
                                                       ((continue_input, 
                                                          _)
                                                          Ppx_effects_runtime.Deep.continuation
                                                          -> _)
                                                         option) in
         effc)
    }
let run_and_discard_both f a =
  Ppx_effects_runtime.Deep.match_with f a
    {
      Ppx_effects_runtime.Deep.retc = (function | () -> ());
      exnc = (function | _ -> ());
      effc =
        (let effc (type continue_input) =
           (let open! Ppx_effects_runtime.Deep.Open_on_rhs in
              function | _ -> Some ((fun _ -> ())) : continue_input
                                                       Ppx_effects_runtime.t
                                                       ->
                                                       ((continue_input, 
                                                          _)
                                                          Ppx_effects_runtime.Deep.continuation
                                                          -> _)
                                                         option) in
         effc)
    }
