open! Ppx_effects_runtime.Import
let raise = `shadowed
let () =
  Ppx_effects_runtime.Deep.match_with (fun `Unit -> ()) `Unit
    {
      Ppx_effects_runtime.Deep.retc = (function | () -> ());
      exnc = Ppx_effects_runtime.raise;
      effc =
        (let effc (type continue_input) =
           (let open! Ppx_effects_runtime.Deep.Open_on_rhs in
              function | _ -> Some ((fun _ -> ())) : continue_input
                                                       Ppx_effects_runtime.t
                                                       ->
                                                       ((continue_input, 
                                                          _)
                                                          Ppx_effects_runtime.Deep.continuation
                                                          -> _)
                                                         option) in
         effc)
    }
